[www.csgoldpot.com/index.html]
[backblue.gif]
[fade.gif]
[index.html]
[www.csgoldpot.com/css/style8e5e.css]
[www.csgoldpot.com/js/noty/packaged/jquery.noty.packaged.min.js]
[www.csgoldpot.com/js/main.js]
[www.csgoldpot.com/js/jquery.arcticmodal-0.3.css]
[www.csgoldpot.com/js/jquery.arcticmodal-0.3.min.js]
[www.csgoldpot.com/chat/script.js]
[www.csgoldpot.com/chat/chat.js]
[www.csgoldpot.com/js/progressbar.js]
[netdna.bootstrapcdn.com/font-awesome/4.0.3/css/font-awesome.css]
[www.google-analytics.com/analytics.js]
[www.csgoldpot.com/js/jquery.min.js]
[connect.facebook.net/pl_PL/sdk.js]
[www.csgoldpot.com/rules.html]
[www.csgoldpot.com/giveaway.html]
[www.csgoldpot.com/history.html]
[www.csgoldpot.com/top.html]
[www.csgoldpot.com/contact.html]
[steamcdn-a.akamaihd.net/steamcommunity/public/images/avatars/13/13b75b152a174bfc479461ce0d907bc138e4e885_full.jpg]
[steamcdn-a.akamaihd.net/steamcommunity/public/images/avatars/fc/fc20f210d9e068fb3d9efa2a4ae1afdfa5d6c21a_full.jpg]
[steamcdn-a.akamaihd.net/steamcommunity/public/images/avatars/e6/e676ae00f57da7dd3edd4b43899173206c036ecc_full.jpg]
[steamcdn-a.akamaihd.net/steamcommunity/public/images/avatars/99/993b5ddca3eb20570bce7a6b3dc0e196d3acedc0_full.jpg]
[steamcdn-a.akamaihd.net/steamcommunity/public/images/avatars/4a/4a31d4e8f3cf71054f929ca7959e7abfc6c9923c_full.jpg]
[steamcdn-a.akamaihd.net/steamcommunity/public/images/avatars/a7/a7236ed168d2b0cae186574955832da6eabc55fb_full.jpg]
[steamcdn-a.akamaihd.net/steamcommunity/public/images/avatars/4f/4f67554f378100d06adc4c30ccf1ec38418e8c56_full.jpg]
[steamcdn-a.akamaihd.net/steamcommunity/public/images/avatars/fb/fb472701a93d543df749e3242f8d35867c4c26bb_full.jpg]
[steamcdn-a.akamaihd.net/steamcommunity/public/images/avatars/57/5733284886783eeff6107b26c445513e078d6a5b_full.jpg]
[steamcdn-a.akamaihd.net/steamcommunity/public/images/avatars/9c/9cecc268c99fafdf718badc452cae728e7a55053_full.jpg]
[steamcdn-a.akamaihd.net/steamcommunity/public/images/avatars/93/935e5ecda9b9f6a00c4ee34e4e079fc698d5eb38_full.jpg]
[steamcdn-a.akamaihd.net/steamcommunity/public/images/avatars/76/766c7dc2fc8906aa9da7b5bc823cb0f24ce71f09_full.jpg]
[steamcdn-a.akamaihd.net/steamcommunity/public/images/avatars/08/08312721dad21d21e2172e8c904f992bbe6afaa6_full.jpg]
[steamcdn-a.akamaihd.net/steamcommunity/public/images/avatars/fb/fba29a7c6d6f5cd18ffa6ca67081aa4b0f1e2c99_full.jpg]
[steamcdn-a.akamaihd.net/steamcommunity/public/images/avatars/fa/fa63425dd0b8f915cdd09626117559a0731a27b5_full.jpg]
[www.csgoldpot.com/index.html]
[www.csgoldpot.com/img/bg2.jpg]
[www.csgoldpot.com/img/logo.png]
[www.csgoldpot.com/img/ico_btn.png]
[www.csgoldpot.com/img/ico2.png]
[www.csgoldpot.com/img/ico6.png]
[www.csgoldpot.com/img/rulet.png]
[www.csgoldpot.com/img/unmute.png]
[www.csgoldpot.com/img/mute.png]
[www.csgoldpot.com/css/style8e5e.css]
[www.csgoldpot.com/js/jquery.arcticmodal-0.3.css]
[netdna.bootstrapcdn.com/font-awesome/4.0.3/css/font-awesome.css]
[connect.facebook.net/pl_PL/sdk.js]
[www.csgoldpot.com/indexd56b.html]
[www.csgoldpot.com/css/style.css]
[ajax.googleapis.com/ajax/libs/jquery/1.9.1/jquery.min.js]
[www.csgoldpot.com/js/themes/dark.css]
[cdn.rawgit.com/kimmobrunfeldt/progressbar.js/0.5.6/dist/progressbar.js]
[www.csgoldpot.com/rules.html]
[www.csgoldpot.com/giveaway.html]
[steamcdn-a.akamaihd.net/steamcommunity/public/images/avatars/e6/e65498a379663ba43da48449e282204a3b31a845_full.jpg]
[steamcdn-a.akamaihd.net/steamcommunity/public/images/avatars/2c/2c577f30513d47785c21b353df22fc0cc402b892_full.jpg]
[steamcdn-a.akamaihd.net/steamcommunity/public/images/avatars/bc/bcf29adb2bdeac59d3325785dd08aecbcac5640d_full.jpg]
[steamcdn-a.akamaihd.net/steamcommunity/public/images/avatars/48/48ac1651cfc2f61eb32b795a9586fe1b349d2228_full.jpg]
[steamcdn-a.akamaihd.net/steamcommunity/public/images/avatars/1f/1fecd16ef64debde4832a725ee26ba3a71ba6074_full.jpg]
[www.csgoldpot.com/history.html]
[steamcdn-a.akamaihd.net/steamcommunity/public/images/avatars/39/391dfcd73b83f530e3f2999e9081314aeb80f592_full.jpg]
[steamcdn-a.akamaihd.net/steamcommunity/public/images/avatars/ab/ab97a3a45d6de9e80eeba38a258130b2b529de5c_full.jpg]
[steamcdn-a.akamaihd.net/steamcommunity/public/images/avatars/0a/0a162912a5a75845d4c9c7e8dd6e3813ff224ad4_full.jpg]
[steamcdn-a.akamaihd.net/steamcommunity/public/images/avatars/2f/2f9c41d205839e1a29fe54b0d3acb7b9742699f3_full.jpg]
[steamcdn-a.akamaihd.net/steamcommunity/public/images/avatars/04/04b6c371e472c5673c951b129a5e49024cb11e86_full.jpg]
[steamcdn-a.akamaihd.net/steamcommunity/public/images/avatars/f2/f2978f4eae5d407b4c401e2e6427590070dd43b1_full.jpg]
[steamcdn-a.akamaihd.net/steamcommunity/public/images/avatars/65/6550fbb18663f168acb6ac01c5a2a325431675f6_full.jpg]
[steamcdn-a.akamaihd.net/steamcommunity/public/images/avatars/a1/a140427d97763b146562f02fbf449410b69107ff_full.jpg]
[steamcdn-a.akamaihd.net/steamcommunity/public/images/avatars/6c/6c0c3a4a0c29b531cde40f42c531e9da145cd223_full.jpg]
[steamcdn-a.akamaihd.net/steamcommunity/public/images/avatars/cb/cb669c23668aec1ab635384034c6f6ca507955af_full.jpg]
[steamcdn-a.akamaihd.net/steamcommunity/public/images/avatars/ca/ca3fdd1a58fa5291192168a1d8c521a62fd1ee67_full.jpg]
[steamcdn-a.akamaihd.net/steamcommunity/public/images/avatars/d3/d34b239d69d9b87b321eafc09d0576ee9e74a90f_full.jpg]
[steamcdn-a.akamaihd.net/steamcommunity/public/images/avatars/29/298cd39ef9828a84e813105a4c5d9e82dcba5c63_full.jpg]
[www.csgoldpot.com/top.html]
[steamcdn-a.akamaihd.net/steamcommunity/public/images/avatars/d6/d67e6e51ad9c6ac50ac34aaae18b0b6822f28ecc_full.jpg]
[www.csgoldpot.com/contact.html]
[www.csgoldpot.com/js/loading.html]
[www.csgoldpot.com/ABCDEFGHIJKLMNOPQRSTUVWXYZabcdefghijklmnopqrstuvwxyz0123456789+/index.html]
[www.csgoldpot.com/css/style.css]
[www.csgoldpot.com/js/themes/dark.css]
