[www.csgolive.com/home.html]
[backblue.gif]
[fade.gif]
[index.html]
[www.csgolive.com/favicon.ico]
[maxcdn.bootstrapcdn.com/font-awesome/4.7.0/css/font-awesome.min.css]
[www.csgolive.com/assets/css/bootstrap.css]
[www.csgolive.com/assets/css/jquery-ui.min.css]
[www.csgolive.com/assets/css/app.css]
[www.csgolive.com/styles.89c5dc1c8ec99705d3db.bundle.css]
[www.csgolive.com/assets/images/logo.png]
[code.jquery.com/jquery-3.1.1.min.js]
[cdnjs.cloudflare.com/ajax/libs/tether/1.4.0/js/tether.min.js]
[www.csgolive.com/assets/js/jquery-ui.min.js]
[www.csgolive.com/assets/js/bootstrap.js]
[www.csgolive.com/assets/js/sha3.js]
[www.google-analytics.com/analytics.js]
[www.googleadservices.com/pagead/f.txt]
[connect.facebook.net/en_US/fbevents.js]
[static.ads-twitter.com/uwt.js]
[bat.bing.com/bat.js]
[www.csgolive.com/inline.47c3c59895ef81f2ac9b.bundle.js]
[www.csgolive.com/polyfills.04612cc27d99a2d53584.bundle.js]
[www.csgolive.com/vendor.8a45c78ea643f3d337bd.bundle.js]
[www.csgolive.com/home.html]
[maxcdn.bootstrapcdn.com/font-awesome/4.7.0/css/font-awesome.min.css]
[www.csgolive.com/assets/css/bootstrap.css]
[www.csgolive.com/assets/css/images/ui-icons_444444_256x240.html]
[www.csgolive.com/main.5efe8c486088d04764dc.bundle.js]
[www.csgolive.com/assets/css/images/ui-icons_555555_256x240.html]
[www.csgolive.com/assets/css/images/ui-icons_ffffff_256x240.html]
[www.csgolive.com/assets/css/images/ui-icons_777620_256x240.html]
[www.csgolive.com/assets/css/images/ui-icons_cc0000_256x240.html]
[www.csgolive.com/assets/css/jquery-ui.min.css]
[www.csgolive.com/assets/css/images/ui-icons_777777_256x240.html]
[steamcdn-a.akamaihd.net/steamcommunity/public/images/avatars/fe/fef49e7fa7e1997310d705b2a6158ff8dc1cdfeb_full.jpg]
[www.csgolive.com/assets/images/cash_deposit.png]
[www.csgolive.com/assets/images/cash_deposit_new_hover.png]
[www.csgolive.com/assets/images/skin_deposit_new_normal.png]
[www.csgolive.com/assets/css/app.css]
[www.csgolive.com/styles.89c5dc1c8ec99705d3db.bundle.css]
[connect.facebook.net/en_US/fbevents.js]
[www.csgolive.com/assets/css/images/ui-icons_444444_256x240.html]
[www.csgolive.com/assets/css/images/ui-icons_555555_256x240.html]
[www.csgolive.com/assets/css/images/ui-icons_ffffff_256x240.html]
[www.csgolive.com/assets/css/images/ui-icons_777620_256x240.html]
[www.csgolive.com/assets/css/images/ui-icons_cc0000_256x240.html]
[www.csgolive.com/assets/css/images/ui-icons_777777_256x240.html]
[www.csgolive.com/assets/images/skin_deposit_new_hover.png]
