[www.csgori.ch/index.html]
[www.csgori.ch/css/style.css]
[www.csgori.ch/fav.ico]
[maxcdn.bootstrapcdn.com/font-awesome/4.6.0/css/font-awesome.min.css]
[backblue.gif]
[fade.gif]
[index.html]
[cdnjs.cloudflare.com/ajax/libs/toastr.js/latest/css/toastr.min.css]
[www.csgori.ch/history.html]
[www.csgori.ch/topplayers.html]
[www.csgori.ch/about.html]
[www.csgori.ch/img/steamloginbutton.png]
[steamcdn-a.akamaihd.net/steamcommunity/public/images/avatars/96/96ed9e805d4c76a0a3cfde2b886090d4c50b09d4_full.jpg]
[www.csgori.ch/img/steamlytics-white.png]
[js.pusher.com/3.2/pusher.min.js]
[cdnjs.cloudflare.com/ajax/libs/toastr.js/latest/js/toastr.min.js]
[www.csgori.ch/js/jquery.hexagonprogress.js]
[www.csgori.ch/js/EasePack.min.js]
[www.csgori.ch/js/canvas.js]
[www.csgori.ch/js/TweenLite.min.js]
[www.csgori.ch/js/jquery-3.1.0.min.js]
[www.csgori.ch/audio.mp3]
[www.csgori.ch/msg.mp3]
[www.csgori.ch/open.mp3]
[www.csgori.ch/index.html]
[www.csgori.ch/img/bg3.jpg]
[www.csgori.ch/img/logo2.png]
[www.csgori.ch/img/ico2.png]
[www.csgori.ch/img/ico5.png]
[www.csgori.ch/img/ico8.png]
[www.csgori.ch/img/ico6.png]
[www.csgori.ch/css/img/stake-left.png]
[www.csgori.ch/css/img/stake-right.png]
[www.csgori.ch/css/style.css]
[maxcdn.bootstrapcdn.com/font-awesome/4.6.0/css/font-awesome.min.css]
[cdnjs.cloudflare.com/ajax/libs/toastr.js/latest/css/toastr.min.css]
[code.jquery.com/ui/1.12.1/jquery-ui.min.js]
[steamcdn-a.akamaihd.net/steamcommunity/public/images/avatars/5d/5dbde5dcd89248eb68f1aba0d803eb9163deef35_full.jpg]
[steamcdn-a.akamaihd.net/steamcommunity/public/images/avatars/f5/f52176209193c66c05734fd58e1ca3a0e563cef9_full.jpg]
[steamcdn-a.akamaihd.net/steamcommunity/public/images/avatars/3c/3c5997c328affa87da21966debff0301b45abfbd_full.jpg]
[www.csgori.ch/history.html]
[steamcdn-a.akamaihd.net/steamcommunity/public/images/avatars/ec/ecf329df7956619d24219a7971510e5a80e2cad6_full.jpg]
[steamcdn-a.akamaihd.net/steamcommunity/public/images/avatars/e6/e6870dfeb72b28e22e73704f9e865652b615f94d_full.jpg]
[steamcdn-a.akamaihd.net/steamcommunity/public/images/avatars/9f/9f8aee1f1165931963f88e17745c1c9ea9cd7ad7_full.jpg]
[steamcdn-a.akamaihd.net/steamcommunity/public/images/avatars/fe/fef49e7fa7e1997310d705b2a6158ff8dc1cdfeb_full.jpg]
[steamcdn-a.akamaihd.net/steamcommunity/public/images/avatars/60/60c11029699defed1fde4dbfdd62d1acc0cc021a_full.jpg]
[steamcdn-a.akamaihd.net/steamcommunity/public/images/avatars/55/55db321c673fd6da81751f375d8e104822f24374_full.jpg]
[steamcdn-a.akamaihd.net/steamcommunity/public/images/avatars/92/92b500f46b42869dab6fbd2d8c4fa8d7e8dd494e_full.jpg]
[steamcdn-a.akamaihd.net/steamcommunity/public/images/avatars/1d/1d85b1c0992030e5d807961e61c9ad091e70b317_full.jpg]
[steamcdn-a.akamaihd.net/steamcommunity/public/images/avatars/ca/ca09ec5d648f6a5e9efc527a2005db4f60aef972_full.jpg]
[steamcdn-a.akamaihd.net/steamcommunity/public/images/avatars/26/2690afc157a1b72f5af7ce5c2e76d27837ed0bdd_full.jpg]
[www.csgori.ch/topplayers.html]
[www.csgori.ch/img/steamlytics.png]
[www.csgori.ch/about.html]
[js.pusher.com/3.2/pusher.min.js]
[www.csgori.ch/img/ico5.html]
[www.csgori.ch/img/ico8.html]
[www.csgori.ch/img/ico6.html]
[www.csgori.ch/css/img/stake-left.html]
[www.csgori.ch/css/img/stake-right.html]
[www.csgori.ch/support.html]
[www.csgori.ch/support.html]
